

================================================================
== Vivado HLS Report for 'Loop_2_proc'
================================================================
* Date:           Wed Jul 27 22:58:43 2022

* Version:        2019.2 (Build 2704478 on Wed Nov 06 22:10:23 MST 2019)
* Project:        myproject_prj
* Solution:       solution1
* Product family: zynq
* Target device:  xc7z020-clg400-1


================================================================
== Performance Estimates
================================================================
+ Timing: 
    * Summary: 
    +--------+---------+----------+------------+
    |  Clock |  Target | Estimated| Uncertainty|
    +--------+---------+----------+------------+
    |ap_clk  | 5.00 ns | 4.367 ns |   0.62 ns  |
    +--------+---------+----------+------------+

+ Latency: 
    * Summary: 
    +---------+---------+-----------+-----------+-------+-------+---------+
    |  Latency (cycles) |   Latency (absolute)  |    Interval   | Pipeline|
    |   min   |   max   |    min    |    max    |  min  |  max  |   Type  |
    +---------+---------+-----------+-----------+-------+-------+---------+
    |    12673|    12673| 63.365 us | 63.365 us |  12673|  12673|   none  |
    +---------+---------+-----------+-----------+-------+-------+---------+

    + Detail: 
        * Instance: 
        N/A

        * Loop: 
        +----------+---------+---------+----------+-----------+-----------+------+----------+
        |          |  Latency (cycles) | Iteration|  Initiation Interval  | Trip |          |
        | Loop Name|   min   |   max   |  Latency |  achieved |   target  | Count| Pipelined|
        +----------+---------+---------+----------+-----------+-----------+------+----------+
        |- Loop 1  |    12672|    12672|        11|          -|          -|  1152|    no    |
        +----------+---------+---------+----------+-----------+-----------+------+----------+



================================================================
== Utilization Estimates
================================================================
* Summary: 
+-----------------+---------+-------+--------+-------+-----+
|       Name      | BRAM_18K| DSP48E|   FF   |  LUT  | URAM|
+-----------------+---------+-------+--------+-------+-----+
|DSP              |        -|      -|       -|      -|    -|
|Expression       |        -|      -|      40|    726|    -|
|FIFO             |        -|      -|       -|      -|    -|
|Instance         |        -|      -|     280|    252|    -|
|Memory           |        -|      -|       -|      -|    -|
|Multiplexer      |        -|      -|       -|    101|    -|
|Register         |        -|      -|     509|      -|    -|
+-----------------+---------+-------+--------+-------+-----+
|Total            |        0|      0|     829|   1079|    0|
+-----------------+---------+-------+--------+-------+-----+
|Available        |      280|    220|  106400|  53200|    0|
+-----------------+---------+-------+--------+-------+-----+
|Utilization (%)  |        0|      0|   ~0   |      2|    0|
+-----------------+---------+-------+--------+-------+-----+

+ Detail: 
    * Instance: 
    +------------------------------------------+-------------------------------------+---------+-------+-----+-----+-----+
    |                 Instance                 |                Module               | BRAM_18K| DSP48E|  FF | LUT | URAM|
    +------------------------------------------+-------------------------------------+---------+-------+-----+-----+-----+
    |myproject_axi_lshr_32ns_32ns_32_2_1_U250  |myproject_axi_lshr_32ns_32ns_32_2_1  |        0|      0|  140|  126|    0|
    |myproject_axi_shl_64ns_32ns_64_2_1_U251   |myproject_axi_shl_64ns_32ns_64_2_1   |        0|      0|  140|  126|    0|
    +------------------------------------------+-------------------------------------+---------+-------+-----+-----+-----+
    |Total                                     |                                     |        0|      0|  280|  252|    0|
    +------------------------------------------+-------------------------------------+---------+-------+-----+-----+-----+

    * DSP48E: 
    N/A

    * Memory: 
    N/A

    * FIFO: 
    N/A

    * Expression: 
    +------------------------+----------+-------+----+-----+------------+------------+
    |      Variable Name     | Operation| DSP48E| FF | LUT | Bitwidth P0| Bitwidth P1|
    +------------------------+----------+-------+----+-----+------------+------------+
    |add_ln958_fu_226_p2     |     +    |      0|   0|   39|           6|          32|
    |add_ln964_fu_378_p2     |     +    |      0|   0|    8|           8|           8|
    |i_fu_135_p2             |     +    |      0|   0|   13|          11|           1|
    |lsb_index_fu_206_p2     |     +    |      0|   0|   39|           6|          32|
    |m_2_fu_339_p2           |     +    |      0|   0|   71|          64|          64|
    |sub_ln944_fu_197_p2     |     -    |      0|   0|   39|           6|          32|
    |sub_ln947_fu_221_p2     |     -    |      0|   0|   15|           4|           6|
    |sub_ln958_fu_231_p2     |     -    |      0|   0|   39|           5|          32|
    |sub_ln964_fu_373_p2     |     -    |      0|   0|    8|           5|           8|
    |tmp_V_fu_160_p2         |     -    |      0|   0|   39|           1|          32|
    |a_fu_261_p2             |    and   |      0|   0|    2|           1|           1|
    |and_ln949_fu_286_p2     |    and   |      0|   0|    2|           1|           1|
    |last_fu_147_p2          |    and   |      0|   0|    2|           1|           1|
    |p_Result_s_fu_250_p2    |    and   |      0|   0|   32|          32|          32|
    |l_fu_185_p3             |   cttz   |      0|  40|   36|          32|           0|
    |icmp_ln55_fu_129_p2     |   icmp   |      0|   0|   13|          11|          11|
    |icmp_ln57_fu_141_p2     |   icmp   |      0|   0|   13|          11|          11|
    |icmp_ln935_fu_165_p2    |   icmp   |      0|   0|   18|          32|           1|
    |icmp_ln947_1_fu_255_p2  |   icmp   |      0|   0|   18|          32|           1|
    |icmp_ln947_fu_236_p2    |   icmp   |      0|   0|   18|          31|           1|
    |icmp_ln958_fu_309_p2    |   icmp   |      0|   0|   18|          32|           1|
    |lshr_ln947_fu_244_p2    |   lshr   |      0|   0|  101|           2|          32|
    |ap_block_state1         |    or    |      0|   0|    2|           1|           1|
    |ap_block_state2         |    or    |      0|   0|    2|           1|           1|
    |or_ln949_fu_292_p2      |    or    |      0|   0|    2|           1|           1|
    |m_1_fu_330_p3           |  select  |      0|   0|   64|           1|          64|
    |out_r_TDATA_int         |  select  |      0|   0|   32|           1|           1|
    |select_ln964_fu_363_p3  |  select  |      0|   0|    7|           1|           7|
    |tmp_V_277_fu_170_p3     |  select  |      0|   0|   32|           1|          32|
    |xor_ln949_fu_274_p2     |    xor   |      0|   0|    2|           1|           2|
    +------------------------+----------+-------+----+-----+------------+------------+
    |Total                   |          |      0|  40|  726|         342|         449|
    +------------------------+----------+-------+----+-----+------------+------------+

    * Multiplexer: 
    +-----------------------------+----+-----------+-----+-----------+
    |             Name            | LUT| Input Size| Bits| Total Bits|
    +-----------------------------+----+-----------+-----+-----------+
    |ap_NS_fsm                    |  56|         13|    1|         13|
    |ap_done                      |   9|          2|    1|          2|
    |i1_0_i_i_reg_118             |   9|          2|   11|         22|
    |is_last_0_loc_0_i_loc_blk_n  |   9|          2|    1|          2|
    |out_local_V_V_blk_n          |   9|          2|    1|          2|
    |out_r_TDATA_blk_n            |   9|          2|    1|          2|
    +-----------------------------+----+-----------+-----+-----------+
    |Total                        | 101|         23|   16|         43|
    +-----------------------------+----+-----------+-----+-----------+

    * Register: 
    +------------------------------------+----+----+-----+-----------+
    |                Name                | FF | LUT| Bits| Const Bits|
    +------------------------------------+----+----+-----+-----------+
    |add_ln958_reg_506                   |  32|   0|   32|          0|
    |ap_CS_fsm                           |  12|   0|   12|          0|
    |ap_done_reg                         |   1|   0|    1|          0|
    |i1_0_i_i_reg_118                    |  11|   0|   11|          0|
    |i_reg_426                           |  11|   0|   11|          0|
    |icmp_ln935_reg_454                  |   1|   0|    1|          0|
    |icmp_ln958_reg_526                  |   1|   0|    1|          0|
    |is_last_0_loc_0_i_loc_read_reg_418  |   1|   0|    1|          0|
    |l_reg_467                           |  32|   0|   32|          0|
    |last_reg_438                        |   1|   0|    1|          0|
    |lsb_index_reg_489                   |  32|   0|   32|          0|
    |lshr_ln958_reg_536                  |  32|   0|   32|          0|
    |m_5_reg_546                         |  63|   0|   63|          0|
    |or_ln_i_i_reg_516                   |   1|   0|   32|         31|
    |p_Result_3_reg_443                  |   1|   0|    1|          0|
    |select_ln964_reg_556                |   1|   0|    8|          7|
    |shl_ln958_reg_541                   |  64|   0|   64|          0|
    |sub_ln944_reg_477                   |  32|   0|   32|          0|
    |sub_ln947_reg_501                   |   6|   0|    6|          0|
    |sub_ln958_reg_511                   |  32|   0|   32|          0|
    |tmp_37_reg_551                      |   1|   0|    1|          0|
    |tmp_V_276_reg_431                   |  32|   0|   32|          0|
    |tmp_V_277_reg_459                   |  32|   0|   32|          0|
    |tmp_V_reg_449                       |  32|   0|   32|          0|
    |tmp_reg_496                         |  31|   0|   31|          0|
    |trunc_ln943_reg_472                 |   8|   0|    8|          0|
    |trunc_ln947_reg_484                 |   6|   0|    6|          0|
    +------------------------------------+----+----+-----+-----------+
    |Total                               | 509|   0|  547|         38|
    +------------------------------------+----+----+-----+-----------+



================================================================
== Interface
================================================================
* Summary: 
+-------------------------------+-----+-----+------------+-----------------------+--------------+
|           RTL Ports           | Dir | Bits|  Protocol  |     Source Object     |    C Type    |
+-------------------------------+-----+-----+------------+-----------------------+--------------+
|ap_clk                         |  in |    1| ap_ctrl_hs |      Loop_2_proc      | return value |
|ap_rst                         |  in |    1| ap_ctrl_hs |      Loop_2_proc      | return value |
|ap_start                       |  in |    1| ap_ctrl_hs |      Loop_2_proc      | return value |
|ap_done                        | out |    1| ap_ctrl_hs |      Loop_2_proc      | return value |
|ap_continue                    |  in |    1| ap_ctrl_hs |      Loop_2_proc      | return value |
|ap_idle                        | out |    1| ap_ctrl_hs |      Loop_2_proc      | return value |
|ap_ready                       | out |    1| ap_ctrl_hs |      Loop_2_proc      | return value |
|out_r_TDATA                    | out |   32|    axis    |        out_data       |    pointer   |
|out_r_TVALID                   | out |    1|    axis    |       out_last_V      |    pointer   |
|out_r_TREADY                   |  in |    1|    axis    |       out_last_V      |    pointer   |
|out_r_TLAST                    | out |    1|    axis    |       out_last_V      |    pointer   |
|out_local_V_V_dout             |  in |   32|   ap_fifo  |     out_local_V_V     |    pointer   |
|out_local_V_V_empty_n          |  in |    1|   ap_fifo  |     out_local_V_V     |    pointer   |
|out_local_V_V_read             | out |    1|   ap_fifo  |     out_local_V_V     |    pointer   |
|is_last_0_loc_0_i_loc_dout     |  in |    1|   ap_fifo  | is_last_0_loc_0_i_loc |    pointer   |
|is_last_0_loc_0_i_loc_empty_n  |  in |    1|   ap_fifo  | is_last_0_loc_0_i_loc |    pointer   |
|is_last_0_loc_0_i_loc_read     | out |    1|   ap_fifo  | is_last_0_loc_0_i_loc |    pointer   |
+-------------------------------+-----+-----+------------+-----------------------+--------------+

