

================================================================
== Vivado HLS Report for 'Loop_1_proc554'
================================================================
* Date:           Wed Jul 27 22:58:13 2022

* Version:        2019.2 (Build 2704478 on Wed Nov 06 22:10:23 MST 2019)
* Project:        myproject_prj
* Solution:       solution1
* Product family: zynq
* Target device:  xc7z020-clg400-1


================================================================
== Performance Estimates
================================================================
+ Timing: 
    * Summary: 
    +--------+---------+----------+------------+
    |  Clock |  Target | Estimated| Uncertainty|
    +--------+---------+----------+------------+
    |ap_clk  | 5.00 ns | 4.234 ns |   0.62 ns  |
    +--------+---------+----------+------------+

+ Latency: 
    * Summary: 
    +---------+---------+----------+----------+--------+--------+---------+
    |  Latency (cycles) |  Latency (absolute) |     Interval    | Pipeline|
    |   min   |   max   |    min   |    max   |   min  |   max  |   Type  |
    +---------+---------+----------+----------+--------+--------+---------+
    |   344065|   344065| 1.720 ms | 1.720 ms |  344065|  344065|   none  |
    +---------+---------+----------+----------+--------+--------+---------+

    + Detail: 
        * Instance: 
        N/A

        * Loop: 
        +----------+---------+---------+----------+-----------+-----------+-------+----------+
        |          |  Latency (cycles) | Iteration|  Initiation Interval  |  Trip |          |
        | Loop Name|   min   |   max   |  Latency |  achieved |   target  | Count | Pipelined|
        +----------+---------+---------+----------+-----------+-----------+-------+----------+
        |- Loop 1  |   344064|   344064|         7|          -|          -|  49152|    no    |
        +----------+---------+---------+----------+-----------+-----------+-------+----------+



================================================================
== Utilization Estimates
================================================================
* Summary: 
+-----------------+---------+-------+--------+-------+-----+
|       Name      | BRAM_18K| DSP48E|   FF   |  LUT  | URAM|
+-----------------+---------+-------+--------+-------+-----+
|DSP              |        -|      -|       -|      -|    -|
|Expression       |        -|      -|       0|    442|    -|
|FIFO             |        -|      -|       -|      -|    -|
|Instance         |        -|      0|     454|    480|    -|
|Memory           |        -|      -|       -|      -|    -|
|Multiplexer      |        -|      -|       -|    107|    -|
|Register         |        -|      -|     433|      -|    -|
+-----------------+---------+-------+--------+-------+-----+
|Total            |        0|      0|     887|   1029|    0|
+-----------------+---------+-------+--------+-------+-----+
|Available        |      280|    220|  106400|  53200|    0|
+-----------------+---------+-------+--------+-------+-----+
|Utilization (%)  |        0|      0|   ~0   |      1|    0|
+-----------------+---------+-------+--------+-------+-----+

+ Detail: 
    * Instance: 
    +----------------------------------------+-------------------------------------+---------+-------+-----+-----+-----+
    |                Instance                |                Module               | BRAM_18K| DSP48E|  FF | LUT | URAM|
    +----------------------------------------+-------------------------------------+---------+-------+-----+-----+-----+
    |myproject_axi_ashr_54ns_32ns_54_2_1_U2  |myproject_axi_ashr_54ns_32ns_54_2_1  |        0|      0|  214|  216|    0|
    |myproject_axi_fpext_32ns_64_3_1_U1      |myproject_axi_fpext_32ns_64_3_1      |        0|      0|  100|  138|    0|
    |myproject_axi_shl_32ns_32s_32_2_1_U3    |myproject_axi_shl_32ns_32s_32_2_1    |        0|      0|  140|  126|    0|
    +----------------------------------------+-------------------------------------+---------+-------+-----+-----+-----+
    |Total                                   |                                     |        0|      0|  454|  480|    0|
    +----------------------------------------+-------------------------------------+---------+-------+-----+-----+-----+

    * DSP48E: 
    N/A

    * Memory: 
    N/A

    * FIFO: 
    N/A

    * Expression: 
    +--------------------------+----------+-------+---+----+------------+------------+
    |       Variable Name      | Operation| DSP48E| FF| LUT| Bitwidth P0| Bitwidth P1|
    +--------------------------+----------+-------+---+----+------------+------------+
    |add_ln581_fu_237_p2       |     +    |      0|  0|  12|           6|          12|
    |i_fu_142_p2               |     +    |      0|  0|  23|          16|           1|
    |F2_fu_225_p2              |     -    |      0|  0|  12|          11|          12|
    |man_V_1_fu_207_p2         |     -    |      0|  0|  61|           1|          54|
    |sub_ln581_fu_243_p2       |     -    |      0|  0|  12|           5|          12|
    |and_ln581_fu_333_p2       |    and   |      0|  0|   2|           1|           1|
    |and_ln582_fu_391_p2       |    and   |      0|  0|   2|           1|           1|
    |and_ln585_1_fu_350_p2     |    and   |      0|  0|   2|           1|           1|
    |and_ln585_fu_344_p2       |    and   |      0|  0|   2|           1|           1|
    |and_ln603_fu_367_p2       |    and   |      0|  0|   2|           1|           1|
    |icmp_ln46_fu_136_p2       |   icmp   |      0|  0|  13|          16|          16|
    |icmp_ln571_fu_220_p2      |   icmp   |      0|  0|  29|          63|           1|
    |icmp_ln581_fu_231_p2      |   icmp   |      0|  0|  13|          12|           5|
    |icmp_ln582_fu_257_p2      |   icmp   |      0|  0|  13|          12|           5|
    |icmp_ln585_fu_280_p2      |   icmp   |      0|  0|  13|          12|           6|
    |icmp_ln603_fu_285_p2      |   icmp   |      0|  0|  11|           7|           1|
    |ap_block_state1           |    or    |      0|  0|   2|           1|           1|
    |ap_block_state2           |    or    |      0|  0|   2|           1|           1|
    |is_last_fu_157_p2         |    or    |      0|  0|   2|           1|           1|
    |or_ln581_fu_356_p2        |    or    |      0|  0|   2|           1|           1|
    |or_ln582_fu_323_p2        |    or    |      0|  0|   2|           1|           1|
    |or_ln603_1_fu_396_p2      |    or    |      0|  0|   2|           1|           1|
    |or_ln603_2_fu_401_p2      |    or    |      0|  0|   2|           1|           1|
    |or_ln603_fu_373_p2        |    or    |      0|  0|   2|           1|           1|
    |in_local_V_V_din          |  select  |      0|  0|  32|           1|          32|
    |man_V_2_fu_213_p3         |  select  |      0|  0|  54|           1|          54|
    |select_ln588_fu_310_p3    |  select  |      0|  0|   2|           1|           2|
    |select_ln603_1_fu_379_p3  |  select  |      0|  0|  32|           1|          32|
    |select_ln603_2_fu_415_p3  |  select  |      0|  0|  32|           1|          32|
    |select_ln603_fu_409_p3    |  select  |      0|  0|  32|           1|          32|
    |sh_amt_fu_249_p3          |  select  |      0|  0|  12|           1|          12|
    |xor_ln571_fu_386_p2       |    xor   |      0|  0|   2|           1|           2|
    |xor_ln581_fu_361_p2       |    xor   |      0|  0|   2|           1|           2|
    |xor_ln582_fu_327_p2       |    xor   |      0|  0|   2|           1|           2|
    |xor_ln585_fu_338_p2       |    xor   |      0|  0|   2|           1|           2|
    +--------------------------+----------+-------+---+----+------------+------------+
    |Total                     |          |      0|  0| 442|         185|         342|
    +--------------------------+----------+-------+---+----+------------+------------+

    * Multiplexer: 
    +------------------------------------+----+-----------+-----+-----------+
    |                Name                | LUT| Input Size| Bits| Total Bits|
    +------------------------------------+----+-----------+-----+-----------+
    |ap_NS_fsm                           |  44|          9|    1|          9|
    |ap_done                             |   9|          2|    1|          2|
    |i_0_i_i_i_reg_122                   |   9|          2|   16|         32|
    |in_local_V_V_blk_n                  |   9|          2|    1|          2|
    |in_r_TDATA_blk_n                    |   9|          2|    1|          2|
    |is_last_0_loc_0_i_out_dc_0_reg_110  |   9|          2|    1|          2|
    |is_last_0_loc_0_i_out_out_blk_n     |   9|          2|    1|          2|
    |real_start                          |   9|          2|    1|          2|
    +------------------------------------+----+-----------+-----+-----------+
    |Total                               | 107|         23|   23|         53|
    +------------------------------------+----+-----------+-----+-----------+

    * Register: 
    +------------------------------------+----+----+-----+-----------+
    |                Name                | FF | LUT| Bits| Const Bits|
    +------------------------------------+----+----+-----+-----------+
    |and_ln585_reg_518                   |   1|   0|    1|          0|
    |and_ln603_reg_523                   |   1|   0|    1|          0|
    |ap_CS_fsm                           |   8|   0|    8|          0|
    |ap_done_reg                         |   1|   0|    1|          0|
    |ashr_ln586_reg_539                  |  54|   0|   54|          0|
    |exp_tmp_V_reg_458                   |  11|   0|   11|          0|
    |i_0_i_i_i_reg_122                   |  16|   0|   16|          0|
    |i_reg_432                           |  16|   0|   16|          0|
    |icmp_ln571_reg_473                  |   1|   0|    1|          0|
    |icmp_ln581_reg_479                  |   1|   0|    1|          0|
    |icmp_ln582_reg_491                  |   1|   0|    1|          0|
    |in_data_tmp_reg_437                 |  32|   0|   32|          0|
    |is_last_0_loc_0_i_out_dc_0_reg_110  |   1|   0|    1|          0|
    |is_last_reg_443                     |   1|   0|    1|          0|
    |man_V_2_reg_468                     |  54|   0|   54|          0|
    |or_ln603_2_reg_549                  |   1|   0|    1|          0|
    |or_ln603_reg_528                    |   1|   0|    1|          0|
    |p_Result_s_reg_453                  |   1|   0|    1|          0|
    |select_ln603_1_reg_534              |  32|   0|   32|          0|
    |sh_amt_reg_485                      |  12|   0|   12|          0|
    |shl_ln604_reg_544                   |  32|   0|   32|          0|
    |start_once_reg                      |   1|   0|    1|          0|
    |tmp_reg_503                         |   7|   0|    7|          0|
    |trunc_ln556_reg_448                 |  63|   0|   63|          0|
    |trunc_ln565_reg_463                 |  52|   0|   52|          0|
    |trunc_ln583_reg_497                 |  32|   0|   32|          0|
    +------------------------------------+----+----+-----+-----------+
    |Total                               | 433|   0|  433|          0|
    +------------------------------------+----+----+-----+-----------+



================================================================
== Interface
================================================================
* Summary: 
+----------------------------------+-----+-----+------------+---------------------------+--------------+
|             RTL Ports            | Dir | Bits|  Protocol  |       Source Object       |    C Type    |
+----------------------------------+-----+-----+------------+---------------------------+--------------+
|ap_clk                            |  in |    1| ap_ctrl_hs |       Loop_1_proc554      | return value |
|ap_rst                            |  in |    1| ap_ctrl_hs |       Loop_1_proc554      | return value |
|ap_start                          |  in |    1| ap_ctrl_hs |       Loop_1_proc554      | return value |
|start_full_n                      |  in |    1| ap_ctrl_hs |       Loop_1_proc554      | return value |
|ap_done                           | out |    1| ap_ctrl_hs |       Loop_1_proc554      | return value |
|ap_continue                       |  in |    1| ap_ctrl_hs |       Loop_1_proc554      | return value |
|ap_idle                           | out |    1| ap_ctrl_hs |       Loop_1_proc554      | return value |
|ap_ready                          | out |    1| ap_ctrl_hs |       Loop_1_proc554      | return value |
|start_out                         | out |    1| ap_ctrl_hs |       Loop_1_proc554      | return value |
|start_write                       | out |    1| ap_ctrl_hs |       Loop_1_proc554      | return value |
|in_r_TLAST                        |  in |    1|    axis    |         in_last_V         |    pointer   |
|in_r_TVALID                       |  in |    1|    axis    |          in_data          |    pointer   |
|in_r_TREADY                       | out |    1|    axis    |          in_data          |    pointer   |
|in_r_TDATA                        |  in |   32|    axis    |          in_data          |    pointer   |
|in_local_V_V_din                  | out |   32|   ap_fifo  |        in_local_V_V       |    pointer   |
|in_local_V_V_full_n               |  in |    1|   ap_fifo  |        in_local_V_V       |    pointer   |
|in_local_V_V_write                | out |    1|   ap_fifo  |        in_local_V_V       |    pointer   |
|is_last_0_loc_0_i_out_out_din     | out |    1|   ap_fifo  | is_last_0_loc_0_i_out_out |    pointer   |
|is_last_0_loc_0_i_out_out_full_n  |  in |    1|   ap_fifo  | is_last_0_loc_0_i_out_out |    pointer   |
|is_last_0_loc_0_i_out_out_write   | out |    1|   ap_fifo  | is_last_0_loc_0_i_out_out |    pointer   |
+----------------------------------+-----+-----+------------+---------------------------+--------------+

