

================================================================
== Vivado HLS Report for 'cnnshift_arr_ap_fixed_ap_fixed_32_16_5_3_0_config27_s'
================================================================
* Date:           Wed Jul 27 22:57:46 2022

* Version:        2019.2 (Build 2704478 on Wed Nov 06 22:10:23 MST 2019)
* Project:        myproject_prj
* Solution:       solution1
* Product family: zynq
* Target device:  xc7z020-clg400-1


================================================================
== Performance Estimates
================================================================
+ Timing: 
    * Summary: 
    +--------+---------+----------+------------+
    |  Clock |  Target | Estimated| Uncertainty|
    +--------+---------+----------+------------+
    |ap_clk  | 5.00 ns | 3.234 ns |   0.62 ns  |
    +--------+---------+----------+------------+

+ Latency: 
    * Summary: 
    +---------+---------+----------+----------+-----+-----+----------+
    |  Latency (cycles) |  Latency (absolute) |  Interval | Pipeline |
    |   min   |   max   |    min   |    max   | min | max |   Type   |
    +---------+---------+----------+----------+-----+-----+----------+
    |        0|        0|   0 ns   |   0 ns   |    1|    1| function |
    +---------+---------+----------+----------+-----+-----+----------+

    + Detail: 
        * Instance: 
        N/A

        * Loop: 
        N/A

============================================================
+ Verbose Summary: Synthesis Manager
============================================================
InlineROM: 1
ExposeGlobal: 0
============================================================
+ Verbose Summary: CDFG Model
============================================================
IsTopModel: 0
ResetActiveHigh: 1
IsCombinational: 0
IsDatapathOnly: 0
HasWiredReturn: 1
HasMFsm: 2
HasVarLatency: 0
IsPipeline: 1
IsRtlPipelined: 0
IsInstanceOverlapped: 0
IsDontTouch: 0
HasImplIP: 0
IsGatedGlobalClock: 0

+ Individual pipeline summary: 
  * Pipeline-0: initiation interval (II) = 1, depth = 1


============================================================
+ Verbose Summary: Schedule
============================================================
* Number of FSM states : 1
* Pipeline : 1
  Pipeline-0 : II = 1, D = 1, States = { 1 }
* Dataflow Pipeline: 0

* FSM state transitions: 
1 --> 

* FSM state operations: 

State 1 <SV = 0> <Delay = 3.23>
ST_1 : Operation 2 [1/1] (0.00ns)   --->   "%output_V_read_7 = call i2304 @_ssdm_op_Read.ap_auto.i2304(i2304 %output_V_read)" [firmware/nnet_utils/nnet_conv2d_stream.h:141]   --->   Operation 2 'read' 'output_V_read_7' <Predicate = true> <Delay = 0.00>
ST_1 : Operation 3 [1/1] (0.00ns)   --->   "%data_V_read_7 = call i256 @_ssdm_op_Read.ap_auto.i256(i256 %data_V_read)" [firmware/nnet_utils/nnet_conv2d_stream.h:141]   --->   Operation 3 'read' 'data_V_read_7' <Predicate = true> <Delay = 0.00>
ST_1 : Operation 4 [1/1] (0.00ns)   --->   "call void (...)* @_ssdm_op_SpecPipeline(i32 -1, i32 1, i32 1, i32 0, [1 x i8]* @p_str35) nounwind" [firmware/nnet_utils/nnet_conv2d_stream.h:145]   --->   Operation 4 'specpipeline' <Predicate = true> <Delay = 0.00>
ST_1 : Operation 5 [1/1] (0.00ns)   --->   "%trunc_ln203 = trunc i256 %data_V_read_7 to i32" [firmware/nnet_utils/nnet_conv2d_stream.h:153]   --->   Operation 5 'trunc' 'trunc_ln203' <Predicate = true> <Delay = 0.00>
ST_1 : Operation 6 [1/1] (1.61ns)   --->   "%DataOut_V_95 = call i32 @"_ssdm_op_MemShiftRead.[6 x i32]P"(i32* getelementptr inbounds ([6 x i32]* @layer_in_row_Array_V_2_0_0, i64 0, i64 5), i32 %trunc_ln203, i1 true)" [firmware/nnet_utils/nnet_conv2d_stream.h:157]   --->   Operation 6 'memshiftread' 'DataOut_V_95' <Predicate = true> <Delay = 1.61> <Core = "ShiftReg">   --->   Core 33 'ShiftReg' <Latency = 0> <II = 1> <Delay = 1.61> <Storage> <Opcode : 'memshiftread' 'load'> <Ports = 1> <Width = 32> <Depth = 6> <ShiftMem>
ST_1 : Operation 7 [1/1] (1.61ns)   --->   "%DataOut_V = call i32 @"_ssdm_op_MemShiftRead.[6 x i32]P"(i32* getelementptr inbounds ([6 x i32]* @layer_in_row_Array_V_2_1_0, i64 0, i64 5), i32 %DataOut_V_95, i1 true)" [firmware/nnet_utils/nnet_conv2d_stream.h:157]   --->   Operation 7 'memshiftread' 'DataOut_V' <Predicate = true> <Delay = 1.61> <Core = "ShiftReg">   --->   Core 33 'ShiftReg' <Latency = 0> <II = 1> <Delay = 1.61> <Storage> <Opcode : 'memshiftread' 'load'> <Ports = 1> <Width = 32> <Depth = 6> <ShiftMem>
ST_1 : Operation 8 [1/1] (0.00ns)   --->   "%DataIn_V_assign_s = call i32 @_ssdm_op_PartSelect.i32.i256.i32.i32(i256 %data_V_read_7, i32 32, i32 63)" [firmware/nnet_utils/nnet_conv2d_stream.h:153]   --->   Operation 8 'partselect' 'DataIn_V_assign_s' <Predicate = true> <Delay = 0.00>
ST_1 : Operation 9 [1/1] (1.61ns)   --->   "%DataOut_V_96 = call i32 @"_ssdm_op_MemShiftRead.[6 x i32]P"(i32* getelementptr inbounds ([6 x i32]* @layer_in_row_Array_V_2_0_1, i64 0, i64 5), i32 %DataIn_V_assign_s, i1 true)" [firmware/nnet_utils/nnet_conv2d_stream.h:157]   --->   Operation 9 'memshiftread' 'DataOut_V_96' <Predicate = true> <Delay = 1.61> <Core = "ShiftReg">   --->   Core 33 'ShiftReg' <Latency = 0> <II = 1> <Delay = 1.61> <Storage> <Opcode : 'memshiftread' 'load'> <Ports = 1> <Width = 32> <Depth = 6> <ShiftMem>
ST_1 : Operation 10 [1/1] (1.61ns)   --->   "%DataOut_V_97 = call i32 @"_ssdm_op_MemShiftRead.[6 x i32]P"(i32* getelementptr inbounds ([6 x i32]* @layer_in_row_Array_V_2_1_1, i64 0, i64 5), i32 %DataOut_V_96, i1 true)" [firmware/nnet_utils/nnet_conv2d_stream.h:157]   --->   Operation 10 'memshiftread' 'DataOut_V_97' <Predicate = true> <Delay = 1.61> <Core = "ShiftReg">   --->   Core 33 'ShiftReg' <Latency = 0> <II = 1> <Delay = 1.61> <Storage> <Opcode : 'memshiftread' 'load'> <Ports = 1> <Width = 32> <Depth = 6> <ShiftMem>
ST_1 : Operation 11 [1/1] (0.00ns)   --->   "%DataIn_V_assign_26 = call i32 @_ssdm_op_PartSelect.i32.i256.i32.i32(i256 %data_V_read_7, i32 64, i32 95)" [firmware/nnet_utils/nnet_conv2d_stream.h:153]   --->   Operation 11 'partselect' 'DataIn_V_assign_26' <Predicate = true> <Delay = 0.00>
ST_1 : Operation 12 [1/1] (1.61ns)   --->   "%DataOut_V_98 = call i32 @"_ssdm_op_MemShiftRead.[6 x i32]P"(i32* getelementptr inbounds ([6 x i32]* @layer_in_row_Array_V_2_0_2, i64 0, i64 5), i32 %DataIn_V_assign_26, i1 true)" [firmware/nnet_utils/nnet_conv2d_stream.h:157]   --->   Operation 12 'memshiftread' 'DataOut_V_98' <Predicate = true> <Delay = 1.61> <Core = "ShiftReg">   --->   Core 33 'ShiftReg' <Latency = 0> <II = 1> <Delay = 1.61> <Storage> <Opcode : 'memshiftread' 'load'> <Ports = 1> <Width = 32> <Depth = 6> <ShiftMem>
ST_1 : Operation 13 [1/1] (1.61ns)   --->   "%DataOut_V_99 = call i32 @"_ssdm_op_MemShiftRead.[6 x i32]P"(i32* getelementptr inbounds ([6 x i32]* @layer_in_row_Array_V_2_1_2, i64 0, i64 5), i32 %DataOut_V_98, i1 true)" [firmware/nnet_utils/nnet_conv2d_stream.h:157]   --->   Operation 13 'memshiftread' 'DataOut_V_99' <Predicate = true> <Delay = 1.61> <Core = "ShiftReg">   --->   Core 33 'ShiftReg' <Latency = 0> <II = 1> <Delay = 1.61> <Storage> <Opcode : 'memshiftread' 'load'> <Ports = 1> <Width = 32> <Depth = 6> <ShiftMem>
ST_1 : Operation 14 [1/1] (0.00ns)   --->   "%DataIn_V_assign_27 = call i32 @_ssdm_op_PartSelect.i32.i256.i32.i32(i256 %data_V_read_7, i32 96, i32 127)" [firmware/nnet_utils/nnet_conv2d_stream.h:153]   --->   Operation 14 'partselect' 'DataIn_V_assign_27' <Predicate = true> <Delay = 0.00>
ST_1 : Operation 15 [1/1] (1.61ns)   --->   "%DataOut_V_100 = call i32 @"_ssdm_op_MemShiftRead.[6 x i32]P"(i32* getelementptr inbounds ([6 x i32]* @layer_in_row_Array_V_2_0_3, i64 0, i64 5), i32 %DataIn_V_assign_27, i1 true)" [firmware/nnet_utils/nnet_conv2d_stream.h:157]   --->   Operation 15 'memshiftread' 'DataOut_V_100' <Predicate = true> <Delay = 1.61> <Core = "ShiftReg">   --->   Core 33 'ShiftReg' <Latency = 0> <II = 1> <Delay = 1.61> <Storage> <Opcode : 'memshiftread' 'load'> <Ports = 1> <Width = 32> <Depth = 6> <ShiftMem>
ST_1 : Operation 16 [1/1] (1.61ns)   --->   "%DataOut_V_101 = call i32 @"_ssdm_op_MemShiftRead.[6 x i32]P"(i32* getelementptr inbounds ([6 x i32]* @layer_in_row_Array_V_2_1_3, i64 0, i64 5), i32 %DataOut_V_100, i1 true)" [firmware/nnet_utils/nnet_conv2d_stream.h:157]   --->   Operation 16 'memshiftread' 'DataOut_V_101' <Predicate = true> <Delay = 1.61> <Core = "ShiftReg">   --->   Core 33 'ShiftReg' <Latency = 0> <II = 1> <Delay = 1.61> <Storage> <Opcode : 'memshiftread' 'load'> <Ports = 1> <Width = 32> <Depth = 6> <ShiftMem>
ST_1 : Operation 17 [1/1] (0.00ns)   --->   "%DataIn_V_assign_28 = call i32 @_ssdm_op_PartSelect.i32.i256.i32.i32(i256 %data_V_read_7, i32 128, i32 159)" [firmware/nnet_utils/nnet_conv2d_stream.h:153]   --->   Operation 17 'partselect' 'DataIn_V_assign_28' <Predicate = true> <Delay = 0.00>
ST_1 : Operation 18 [1/1] (1.61ns)   --->   "%DataOut_V_102 = call i32 @"_ssdm_op_MemShiftRead.[6 x i32]P"(i32* getelementptr inbounds ([6 x i32]* @layer_in_row_Array_V_2_0_4, i64 0, i64 5), i32 %DataIn_V_assign_28, i1 true)" [firmware/nnet_utils/nnet_conv2d_stream.h:157]   --->   Operation 18 'memshiftread' 'DataOut_V_102' <Predicate = true> <Delay = 1.61> <Core = "ShiftReg">   --->   Core 33 'ShiftReg' <Latency = 0> <II = 1> <Delay = 1.61> <Storage> <Opcode : 'memshiftread' 'load'> <Ports = 1> <Width = 32> <Depth = 6> <ShiftMem>
ST_1 : Operation 19 [1/1] (1.61ns)   --->   "%DataOut_V_103 = call i32 @"_ssdm_op_MemShiftRead.[6 x i32]P"(i32* getelementptr inbounds ([6 x i32]* @layer_in_row_Array_V_2_1_4, i64 0, i64 5), i32 %DataOut_V_102, i1 true)" [firmware/nnet_utils/nnet_conv2d_stream.h:157]   --->   Operation 19 'memshiftread' 'DataOut_V_103' <Predicate = true> <Delay = 1.61> <Core = "ShiftReg">   --->   Core 33 'ShiftReg' <Latency = 0> <II = 1> <Delay = 1.61> <Storage> <Opcode : 'memshiftread' 'load'> <Ports = 1> <Width = 32> <Depth = 6> <ShiftMem>
ST_1 : Operation 20 [1/1] (0.00ns)   --->   "%DataIn_V_assign_29 = call i32 @_ssdm_op_PartSelect.i32.i256.i32.i32(i256 %data_V_read_7, i32 160, i32 191)" [firmware/nnet_utils/nnet_conv2d_stream.h:153]   --->   Operation 20 'partselect' 'DataIn_V_assign_29' <Predicate = true> <Delay = 0.00>
ST_1 : Operation 21 [1/1] (1.61ns)   --->   "%DataOut_V_104 = call i32 @"_ssdm_op_MemShiftRead.[6 x i32]P"(i32* getelementptr inbounds ([6 x i32]* @layer_in_row_Array_V_2_0_5, i64 0, i64 5), i32 %DataIn_V_assign_29, i1 true)" [firmware/nnet_utils/nnet_conv2d_stream.h:157]   --->   Operation 21 'memshiftread' 'DataOut_V_104' <Predicate = true> <Delay = 1.61> <Core = "ShiftReg">   --->   Core 33 'ShiftReg' <Latency = 0> <II = 1> <Delay = 1.61> <Storage> <Opcode : 'memshiftread' 'load'> <Ports = 1> <Width = 32> <Depth = 6> <ShiftMem>
ST_1 : Operation 22 [1/1] (1.61ns)   --->   "%DataOut_V_105 = call i32 @"_ssdm_op_MemShiftRead.[6 x i32]P"(i32* getelementptr inbounds ([6 x i32]* @layer_in_row_Array_V_2_1_5, i64 0, i64 5), i32 %DataOut_V_104, i1 true)" [firmware/nnet_utils/nnet_conv2d_stream.h:157]   --->   Operation 22 'memshiftread' 'DataOut_V_105' <Predicate = true> <Delay = 1.61> <Core = "ShiftReg">   --->   Core 33 'ShiftReg' <Latency = 0> <II = 1> <Delay = 1.61> <Storage> <Opcode : 'memshiftread' 'load'> <Ports = 1> <Width = 32> <Depth = 6> <ShiftMem>
ST_1 : Operation 23 [1/1] (0.00ns)   --->   "%DataIn_V_assign_30 = call i32 @_ssdm_op_PartSelect.i32.i256.i32.i32(i256 %data_V_read_7, i32 192, i32 223)" [firmware/nnet_utils/nnet_conv2d_stream.h:153]   --->   Operation 23 'partselect' 'DataIn_V_assign_30' <Predicate = true> <Delay = 0.00>
ST_1 : Operation 24 [1/1] (1.61ns)   --->   "%DataOut_V_106 = call i32 @"_ssdm_op_MemShiftRead.[6 x i32]P"(i32* getelementptr inbounds ([6 x i32]* @layer_in_row_Array_V_2_0_6, i64 0, i64 5), i32 %DataIn_V_assign_30, i1 true)" [firmware/nnet_utils/nnet_conv2d_stream.h:157]   --->   Operation 24 'memshiftread' 'DataOut_V_106' <Predicate = true> <Delay = 1.61> <Core = "ShiftReg">   --->   Core 33 'ShiftReg' <Latency = 0> <II = 1> <Delay = 1.61> <Storage> <Opcode : 'memshiftread' 'load'> <Ports = 1> <Width = 32> <Depth = 6> <ShiftMem>
ST_1 : Operation 25 [1/1] (1.61ns)   --->   "%DataOut_V_107 = call i32 @"_ssdm_op_MemShiftRead.[6 x i32]P"(i32* getelementptr inbounds ([6 x i32]* @layer_in_row_Array_V_2_1_6, i64 0, i64 5), i32 %DataOut_V_106, i1 true)" [firmware/nnet_utils/nnet_conv2d_stream.h:157]   --->   Operation 25 'memshiftread' 'DataOut_V_107' <Predicate = true> <Delay = 1.61> <Core = "ShiftReg">   --->   Core 33 'ShiftReg' <Latency = 0> <II = 1> <Delay = 1.61> <Storage> <Opcode : 'memshiftread' 'load'> <Ports = 1> <Width = 32> <Depth = 6> <ShiftMem>
ST_1 : Operation 26 [1/1] (0.00ns)   --->   "%DataIn_V_assign_31 = call i32 @_ssdm_op_PartSelect.i32.i256.i32.i32(i256 %data_V_read_7, i32 224, i32 255)" [firmware/nnet_utils/nnet_conv2d_stream.h:153]   --->   Operation 26 'partselect' 'DataIn_V_assign_31' <Predicate = true> <Delay = 0.00>
ST_1 : Operation 27 [1/1] (1.61ns)   --->   "%DataOut_V_108 = call i32 @"_ssdm_op_MemShiftRead.[6 x i32]P"(i32* getelementptr inbounds ([6 x i32]* @layer_in_row_Array_V_2_0_7, i64 0, i64 5), i32 %DataIn_V_assign_31, i1 true)" [firmware/nnet_utils/nnet_conv2d_stream.h:157]   --->   Operation 27 'memshiftread' 'DataOut_V_108' <Predicate = true> <Delay = 1.61> <Core = "ShiftReg">   --->   Core 33 'ShiftReg' <Latency = 0> <II = 1> <Delay = 1.61> <Storage> <Opcode : 'memshiftread' 'load'> <Ports = 1> <Width = 32> <Depth = 6> <ShiftMem>
ST_1 : Operation 28 [1/1] (1.61ns)   --->   "%DataOut_V109 = call i32 @"_ssdm_op_MemShiftRead.[6 x i32]P"(i32* getelementptr inbounds ([6 x i32]* @layer_in_row_Array_V_2_1_7, i64 0, i64 5), i32 %DataOut_V_108, i1 true)" [firmware/nnet_utils/nnet_conv2d_stream.h:157]   --->   Operation 28 'memshiftread' 'DataOut_V109' <Predicate = true> <Delay = 1.61> <Core = "ShiftReg">   --->   Core 33 'ShiftReg' <Latency = 0> <II = 1> <Delay = 1.61> <Storage> <Opcode : 'memshiftread' 'load'> <Ports = 1> <Width = 32> <Depth = 6> <ShiftMem>
ST_1 : Operation 29 [1/1] (0.00ns)   --->   "%tmp = call i512 @_ssdm_op_PartSelect.i512.i2304.i32.i32(i2304 %output_V_read_7, i32 1792, i32 2303)" [firmware/nnet_utils/nnet_conv2d_stream.h:134->firmware/nnet_utils/nnet_conv2d_stream.h:161]   --->   Operation 29 'partselect' 'tmp' <Predicate = true> <Delay = 0.00>
ST_1 : Operation 30 [1/1] (0.00ns)   --->   "%tmp_s = call i512 @_ssdm_op_PartSelect.i512.i2304.i32.i32(i2304 %output_V_read_7, i32 1024, i32 1535)" [firmware/nnet_utils/nnet_conv2d_stream.h:134->firmware/nnet_utils/nnet_conv2d_stream.h:161]   --->   Operation 30 'partselect' 'tmp_s' <Predicate = true> <Delay = 0.00>
ST_1 : Operation 31 [1/1] (0.00ns)   --->   "%tmp_5 = call i512 @_ssdm_op_PartSelect.i512.i2304.i32.i32(i2304 %output_V_read_7, i32 256, i32 767)" [firmware/nnet_utils/nnet_conv2d_stream.h:134->firmware/nnet_utils/nnet_conv2d_stream.h:161]   --->   Operation 31 'partselect' 'tmp_5' <Predicate = true> <Delay = 0.00>
ST_1 : Operation 32 [1/1] (0.00ns)   --->   "%output_V_write_assign = call i2304 @_ssdm_op_BitConcatenate.i2304.i256.i512.i32.i32.i32.i32.i32.i32.i32.i32.i512.i32.i32.i32.i32.i32.i32.i32.i32.i512(i256 %data_V_read_7, i512 %tmp, i32 %DataOut_V_108, i32 %DataOut_V_106, i32 %DataOut_V_104, i32 %DataOut_V_102, i32 %DataOut_V_100, i32 %DataOut_V_98, i32 %DataOut_V_96, i32 %DataOut_V_95, i512 %tmp_s, i32 %DataOut_V109, i32 %DataOut_V_107, i32 %DataOut_V_105, i32 %DataOut_V_103, i32 %DataOut_V_101, i32 %DataOut_V_99, i32 %DataOut_V_97, i32 %DataOut_V, i512 %tmp_5)" [firmware/nnet_utils/nnet_conv2d_stream.h:134->firmware/nnet_utils/nnet_conv2d_stream.h:161]   --->   Operation 32 'bitconcatenate' 'output_V_write_assign' <Predicate = true> <Delay = 0.00>
ST_1 : Operation 33 [1/1] (0.00ns)   --->   "ret i2304 %output_V_write_assign" [firmware/nnet_utils/nnet_conv2d_stream.h:162]   --->   Operation 33 'ret' <Predicate = true> <Delay = 0.00>


============================================================
+ Verbose Summary: Timing violations
============================================================
Target clock period: 5ns, clock uncertainty: 0.625ns.

 <State 1>: 3.23ns
The critical path consists of the following:
	wire read on port 'data_V_read' (firmware/nnet_utils/nnet_conv2d_stream.h:141) [4]  (0 ns)
	'memshiftread' operation ('DataOut.V', firmware/nnet_utils/nnet_conv2d_stream.h:157) [7]  (1.62 ns)
	'memshiftread' operation ('DataOut.V', firmware/nnet_utils/nnet_conv2d_stream.h:157) [8]  (1.62 ns)


============================================================
+ Verbose Summary: Binding
============================================================
N/A
* FSMD analyzer results:
  - Output states:
 - Input state : 
  - Chain level:
	State 1


============================================================
+ Verbose Summary: Datapath Resource usage 
============================================================
N/A
